npm : [33m[1mΓÜá[22m[39m Warning: 
Next.js inferred your workspace root, 
but it may not be correct.
At line:1 char:1
+ npm run build 2>build_errors.txt; 
Get-Content build_errors.txt
+ ~~~~~~~~~~~~~~~~~~~~~~~~~~~~~~~~
    + CategoryInfo          : NotSpecif 
   ied: ([33m[1mΓÜá[2...not be corr  
  ect.:String) [], RemoteException
    + FullyQualifiedErrorId : NativeCom 
   mandError
 
 We detected multiple lockfiles and 
selected the directory of 
C:\Users\amesh\package-lock.json as the 
root directory.
 To silence this warning, set 
`turbopack.root` in your Next.js 
config, or consider removing one of the 
lockfiles if it's not needed.
   See https://nextjs.org/docs/app/api-r
eference/config/next-config-js/turbopack
#root-directory for more information.
 Detected additional lockfiles: 
   * C:\Users\amesh\flutter 
projects\vogy_admin\package-lock.json

[?25h
