
> vogy_admin@0.1.0 build
> next build

npm : ΓÜá Warning: Next.js 
inferred your workspace root, 
but it may not be correct.
At line:1 char:1
+ npm run build > 
build_error.log 2>&1
+ ~~~~~~~~~~~~~~~~~~~~~~~~~~~~~~
~~~~~~
    + CategoryInfo          : N 
   otSpecified: (ΓÜá Warning:   
  Ne...not be correct.:String   
 ) [], RemoteException
    + FullyQualifiedErrorId : N 
   ativeCommandError
 
 We detected multiple lockfiles 
and selected the directory of C:
\Users\amesh\package-lock.json 
as the root directory.
 To silence this warning, set 
`turbopack.root` in your 
Next.js config, or consider 
removing one of the lockfiles 
if it's not needed.
   See https://nextjs.org/docs/a
pp/api-reference/config/next-con
fig-js/turbopack#root-directory 
for more information.
 Detected additional lockfiles: 
   * C:\Users\amesh\flutter proj
ects\vogy_admin\package-lock.jso
n

Γû▓ Next.js 16.1.1 (Turbopack)
- Environments: .env

  Creating an optimized production build ...
Γ£ô Compiled successfully in 4.0s
  Running TypeScript ...
Failed to compile.

./src/app/dashboard/pricing/page
.tsx:27:44
Type error: Property 
'riderPercentage' does not 
exist on type 'PricingConfig'. 
Did you mean 
'partnerPercentage'?

[0m [90m 25 |[39m           s
etConfig(response[33m.[39mdata
)[33m;[39m
 [90m 26 |[39m           setBa
seFare(response[33m.[39mdata[
33m.[39mbaseFare)[33m;[39m
[31m[1m>[22m[39m[90m 27 
|[39m           setRiderPercent
age(response[33m.[39mdata[33m
.[39mriderPercentage)[33m;[39
m
 [90m    |[39m                
                            
[31m[1m^[22m[39m
 [90m 28 |[39m           setAp
pCommission(response[33m.[39md
ata[33m.[39mappCommission)[33
m;[39m
 [90m 29 |[39m         }
 [90m 30 |[39m       } 
[36mcatch[39m (error) {[0m
Next.js build worker exited 
with code: 1 and signal: null
