src/app/dashboard/vendors/create/page.tsx(8,31): error TS2307: Cannot find module '@/services/vendorService' or its corresponding type declarations.
src/app/dashboard/vendors/create/page.tsx(9,33): error TS2307: Cannot find module '@/services/cityCodeService' or its corresponding type declarations.
src/app/dashboard/vendors/create/page.tsx(10,39): error TS2307: Cannot find module '@/types' or its corresponding type declarations.
src/app/dashboard/vendors/create/page.tsx(101,5): error TS17004: Cannot use JSX unless the '--jsx' flag is provided.
src/app/dashboard/vendors/create/page.tsx(102,7): error TS17004: Cannot use JSX unless the '--jsx' flag is provided.
src/app/dashboard/vendors/create/page.tsx(103,9): error TS17004: Cannot use JSX unless the '--jsx' flag is provided.
src/app/dashboard/vendors/create/page.tsx(107,7): error TS17004: Cannot use JSX unless the '--jsx' flag is provided.
src/app/dashboard/vendors/create/page.tsx(108,9): error TS17004: Cannot use JSX unless the '--jsx' flag is provided.
src/app/dashboard/vendors/create/page.tsx(109,9): error TS17004: Cannot use JSX unless the '--jsx' flag is provided.
src/app/dashboard/vendors/create/page.tsx(112,7): error TS17004: Cannot use JSX unless the '--jsx' flag is provided.
src/app/dashboard/vendors/create/page.tsx(113,9): error TS17004: Cannot use JSX unless the '--jsx' flag is provided.
src/app/dashboard/vendors/create/page.tsx(114,11): error TS17004: Cannot use JSX unless the '--jsx' flag is provided.
src/app/dashboard/vendors/create/page.tsx(117,9): error TS17004: Cannot use JSX unless the '--jsx' flag is provided.
src/app/dashboard/vendors/create/page.tsx(118,11): error TS17004: Cannot use JSX unless the '--jsx' flag is provided.
src/app/dashboard/vendors/create/page.tsx(120,13): error TS17004: Cannot use JSX unless the '--jsx' flag is provided.
src/app/dashboard/vendors/create/page.tsx(121,15): error TS17004: Cannot use JSX unless the '--jsx' flag is provided.
src/app/dashboard/vendors/create/page.tsx(122,17): error TS17004: Cannot use JSX unless the '--jsx' flag is provided.
src/app/dashboard/vendors/create/page.tsx(123,17): error TS17004: Cannot use JSX unless the '--jsx' flag is provided.
src/app/dashboard/vendors/create/page.tsx(127,15): error TS17004: Cannot use JSX unless the '--jsx' flag is provided.
src/app/dashboard/vendors/create/page.tsx(128,17): error TS17004: Cannot use JSX unless the '--jsx' flag is provided.
src/app/dashboard/vendors/create/page.tsx(129,17): error TS17004: Cannot use JSX unless the '--jsx' flag is provided.
src/app/dashboard/vendors/create/page.tsx(133,15): error TS17004: Cannot use JSX unless the '--jsx' flag is provided.
src/app/dashboard/vendors/create/page.tsx(134,17): error TS17004: Cannot use JSX unless the '--jsx' flag is provided.
src/app/dashboard/vendors/create/page.tsx(135,17): error TS17004: Cannot use JSX unless the '--jsx' flag is provided.
src/app/dashboard/vendors/create/page.tsx(139,15): error TS17004: Cannot use JSX unless the '--jsx' flag is provided.
src/app/dashboard/vendors/create/page.tsx(140,17): error TS17004: Cannot use JSX unless the '--jsx' flag is provided.
src/app/dashboard/vendors/create/page.tsx(141,17): error TS17004: Cannot use JSX unless the '--jsx' flag is provided.
src/app/dashboard/vendors/create/page.tsx(145,15): error TS17004: Cannot use JSX unless the '--jsx' flag is provided.
src/app/dashboard/vendors/create/page.tsx(146,17): error TS17004: Cannot use JSX unless the '--jsx' flag is provided.
src/app/dashboard/vendors/create/page.tsx(147,17): error TS17004: Cannot use JSX unless the '--jsx' flag is provided.
src/app/dashboard/vendors/create/page.tsx(150,19): error TS17004: Cannot use JSX unless the '--jsx' flag is provided.
src/app/dashboard/vendors/create/page.tsx(151,46): error TS17004: Cannot use JSX unless the '--jsx' flag is provided.
src/app/dashboard/vendors/create/page.tsx(154,15): error TS17004: Cannot use JSX unless the '--jsx' flag is provided.
src/app/dashboard/vendors/create/page.tsx(155,17): error TS17004: Cannot use JSX unless the '--jsx' flag is provided.
src/app/dashboard/vendors/create/page.tsx(156,17): error TS17004: Cannot use JSX unless the '--jsx' flag is provided.
src/app/dashboard/vendors/create/page.tsx(163,13): error TS17004: Cannot use JSX unless the '--jsx' flag is provided.
src/app/dashboard/vendors/create/page.tsx(164,15): error TS17004: Cannot use JSX unless the '--jsx' flag is provided.
src/app/dashboard/vendors/create/page.tsx(165,17): error TS17004: Cannot use JSX unless the '--jsx' flag is provided.
src/app/dashboard/vendors/create/page.tsx(166,17): error TS17004: Cannot use JSX unless the '--jsx' flag is provided.
src/app/dashboard/vendors/create/page.tsx(170,15): error TS17004: Cannot use JSX unless the '--jsx' flag is provided.
src/app/dashboard/vendors/create/page.tsx(171,17): error TS17004: Cannot use JSX unless the '--jsx' flag is provided.
src/app/dashboard/vendors/create/page.tsx(172,17): error TS17004: Cannot use JSX unless the '--jsx' flag is provided.
src/app/dashboard/vendors/create/page.tsx(176,15): error TS17004: Cannot use JSX unless the '--jsx' flag is provided.
src/app/dashboard/vendors/create/page.tsx(177,17): error TS17004: Cannot use JSX unless the '--jsx' flag is provided.
src/app/dashboard/vendors/create/page.tsx(178,17): error TS17004: Cannot use JSX unless the '--jsx' flag is provided.
src/app/dashboard/vendors/create/page.tsx(182,15): error TS17004: Cannot use JSX unless the '--jsx' flag is provided.
src/app/dashboard/vendors/create/page.tsx(183,17): error TS17004: Cannot use JSX unless the '--jsx' flag is provided.
src/app/dashboard/vendors/create/page.tsx(184,17): error TS17004: Cannot use JSX unless the '--jsx' flag is provided.
src/app/dashboard/vendors/create/page.tsx(188,15): error TS17004: Cannot use JSX unless the '--jsx' flag is provided.
src/app/dashboard/vendors/create/page.tsx(189,17): error TS17004: Cannot use JSX unless the '--jsx' flag is provided.
src/app/dashboard/vendors/create/page.tsx(190,17): error TS17004: Cannot use JSX unless the '--jsx' flag is provided.
src/app/dashboard/vendors/create/page.tsx(194,15): error TS17004: Cannot use JSX unless the '--jsx' flag is provided.
src/app/dashboard/vendors/create/page.tsx(195,17): error TS17004: Cannot use JSX unless the '--jsx' flag is provided.
src/app/dashboard/vendors/create/page.tsx(196,17): error TS17004: Cannot use JSX unless the '--jsx' flag is provided.
src/app/dashboard/vendors/create/page.tsx(203,11): error TS17004: Cannot use JSX unless the '--jsx' flag is provided.
src/app/dashboard/vendors/create/page.tsx(204,13): error TS17004: Cannot use JSX unless the '--jsx' flag is provided.
src/app/dashboard/vendors/create/page.tsx(206,29): error TS17004: Cannot use JSX unless the '--jsx' flag is provided.
